
graham 1, graham
jon 2 hello John
